src/components/Card/ShopLabel.tsx(1,1): error TS6133: 'React' is declared but its value is never read.
src/components/Input/Input.tsx(1,29): error TS1484: 'InputHTMLAttributes' is a type and must be imported using a type-only import when 'verbatimModuleSyntax' is enabled.
src/components/Input/Input.tsx(1,50): error TS1484: 'ReactNode' is a type and must be imported using a type-only import when 'verbatimModuleSyntax' is enabled.
src/components/Pagination/PaginationArrow.tsx(4,18): error TS2430: Interface 'PaginationArrowProps' incorrectly extends interface 'ButtonHTMLAttributes<HTMLButtonElement>'.
  Types of property 'type' are incompatible.
    Type '"text" | "icon-only" | undefined' is not assignable to type '"button" | "submit" | "reset" | undefined'.
      Type '"text"' is not assignable to type '"button" | "submit" | "reset" | undefined'.
src/components/TextArea/TextArea.tsx(1,29): error TS1484: 'TextareaHTMLAttributes' is a type and must be imported using a type-only import when 'verbatimModuleSyntax' is enabled.
